
> frontend@0.0.0 build
> tsc -b && vite build

src/pages/dashboard/general-manager/sections/FinanceReports.tsx(72,17): error TS2322: Type 'Column<Report>[]' is not assignable to type 'Column<unknown>[]'.
  Type 'Column<Report>' is not assignable to type 'Column<unknown>'.
    Type 'unknown' is not assignable to type 'Report'.
src/pages/dashboard/general-manager/sections/FinanceReports.tsx(73,40): error TS18046: 'row' is of type 'unknown'.
src/pages/dashboard/general-manager/sections/FinanceReports.tsx(74,17): error TS2322: Type '(row: Report) => JSX.Element' is not assignable to type '(row: unknown) => ReactNode'.
  Types of parameters 'row' and 'row' are incompatible.
    Type 'unknown' is not assignable to type 'Report'.
src/pages/dashboard/general-manager/sections/StaffDirectory.tsx(74,17): error TS2322: Type 'Column<StaffMember>[]' is not assignable to type 'Column<unknown>[]'.
  Type 'Column<StaffMember>' is not assignable to type 'Column<unknown>'.
    Type 'unknown' is not assignable to type 'StaffMember'.
src/pages/dashboard/general-manager/sections/StaffDirectory.tsx(75,40): error TS18046: 'row' is of type 'unknown'.
src/pages/dashboard/general-manager/sections/StaffDirectory.tsx(76,17): error TS2322: Type '(row: StaffMember) => JSX.Element' is not assignable to type '(row: unknown) => ReactNode'.
  Types of parameters 'row' and 'row' are incompatible.
    Type 'unknown' is not assignable to type 'StaffMember'.
src/pages/dashboard/hr/sections/EmployeeList.tsx(4,8): error TS2613: Module '"C:/Users/Charlie/Videos/eadvocate/Eadvocate/frontend/src/components/dashboard/shared/DataTable"' has no default export. Did you mean to use 'import { DataTable } from "C:/Users/Charlie/Videos/eadvocate/Eadvocate/frontend/src/components/dashboard/shared/DataTable"' instead?
src/pages/dashboard/hr/sections/EmployeeList.tsx(5,8): error TS2613: Module '"C:/Users/Charlie/Videos/eadvocate/Eadvocate/frontend/src/components/dashboard/shared/ActionModal"' has no default export. Did you mean to use 'import { ActionModal } from "C:/Users/Charlie/Videos/eadvocate/Eadvocate/frontend/src/components/dashboard/shared/ActionModal"' instead?
src/pages/dashboard/hr/sections/EmployeeList.tsx(77,26): error TS7006: Parameter 'row' implicitly has an 'any' type.
src/pages/dashboard/hr/sections/EmployeeList.tsx(78,28): error TS7006: Parameter 'row' implicitly has an 'any' type.
src/pages/dashboard/hr/sections/PerformanceReviews.tsx(85,17): error TS2322: Type 'Column<Review>[]' is not assignable to type 'Column<unknown>[]'.
  Type 'Column<Review>' is not assignable to type 'Column<unknown>'.
    Type 'unknown' is not assignable to type 'Review'.
src/pages/dashboard/hr/sections/PerformanceReviews.tsx(86,17): error TS2322: Type '(row: Review) => string' is not assignable to type '(row: unknown) => string'.
  Types of parameters 'row' and 'row' are incompatible.
    Type 'unknown' is not assignable to type 'Review'.
src/pages/dashboard/hr/sections/PerformanceReviews.tsx(87,17): error TS2322: Type '(row: Review) => JSX.Element' is not assignable to type '(row: unknown) => ReactNode'.
  Types of parameters 'row' and 'row' are incompatible.
    Type 'unknown' is not assignable to type 'Review'.
src/pages/dashboard/hr/sections/RecruitmentDesk.tsx(81,17): error TS2322: Type 'Column<Candidate>[]' is not assignable to type 'Column<unknown>[]'.
  Type 'Column<Candidate>' is not assignable to type 'Column<unknown>'.
    Type 'unknown' is not assignable to type 'Candidate'.
src/pages/dashboard/hr/sections/RecruitmentDesk.tsx(82,40): error TS18046: 'row' is of type 'unknown'.
src/pages/dashboard/hr/sections/RecruitmentDesk.tsx(83,17): error TS2322: Type '(row: Candidate) => JSX.Element' is not assignable to type '(row: unknown) => ReactNode'.
  Types of parameters 'row' and 'row' are incompatible.
    Type 'unknown' is not assignable to type 'Candidate'.
src/pages/dashboard/marketing/agency/sections/ClientProjects.tsx(84,17): error TS2322: Type 'Column<Project>[]' is not assignable to type 'Column<unknown>[]'.
  Type 'Column<Project>' is not assignable to type 'Column<unknown>'.
    Type 'unknown' is not assignable to type 'Project'.
src/pages/dashboard/marketing/agency/sections/ClientProjects.tsx(85,40): error TS18046: 'row' is of type 'unknown'.
src/pages/dashboard/marketing/agency/sections/ClientProjects.tsx(86,17): error TS2322: Type '(row: Project) => JSX.Element' is not assignable to type '(row: unknown) => ReactNode'.
  Types of parameters 'row' and 'row' are incompatible.
    Type 'unknown' is not assignable to type 'Project'.
src/pages/dashboard/marketing/team-lead/sections/CampaignManagement.tsx(98,17): error TS2322: Type 'Column<Campaign>[]' is not assignable to type 'Column<unknown>[]'.
  Type 'Column<Campaign>' is not assignable to type 'Column<unknown>'.
    Type 'unknown' is not assignable to type 'Campaign'.
src/pages/dashboard/marketing/team-lead/sections/CampaignManagement.tsx(99,40): error TS18046: 'row' is of type 'unknown'.
src/pages/dashboard/marketing/team-lead/sections/CampaignManagement.tsx(100,17): error TS2322: Type '(row: Campaign) => JSX.Element' is not assignable to type '(row: unknown) => ReactNode'.
  Types of parameters 'row' and 'row' are incompatible.
    Type 'unknown' is not assignable to type 'Campaign'.
src/pages/dashboard/operations/customer-care/sections/TicketQueue.tsx(106,17): error TS2322: Type 'Column<SupportTicket>[]' is not assignable to type 'Column<unknown>[]'.
  Type 'Column<SupportTicket>' is not assignable to type 'Column<unknown>'.
    Type 'unknown' is not assignable to type 'SupportTicket'.
src/pages/dashboard/operations/customer-care/sections/TicketQueue.tsx(107,40): error TS18046: 'row' is of type 'unknown'.
src/pages/dashboard/operations/customer-care/sections/TicketQueue.tsx(108,17): error TS2322: Type '(row: SupportTicket) => JSX.Element' is not assignable to type '(row: unknown) => ReactNode'.
  Types of parameters 'row' and 'row' are incompatible.
    Type 'unknown' is not assignable to type 'SupportTicket'.
src/pages/dashboard/operations/data-entry/sections/DataEntryTasks.tsx(93,17): error TS2322: Type 'Column<EntryTask>[]' is not assignable to type 'Column<unknown>[]'.
  Type 'Column<EntryTask>' is not assignable to type 'Column<unknown>'.
    Type 'unknown' is not assignable to type 'EntryTask'.
src/pages/dashboard/operations/data-entry/sections/DataEntryTasks.tsx(94,40): error TS18046: 'row' is of type 'unknown'.
src/pages/dashboard/operations/data-entry/sections/DataEntryTasks.tsx(95,17): error TS2322: Type '(row: EntryTask) => JSX.Element' is not assignable to type '(row: unknown) => ReactNode'.
  Types of parameters 'row' and 'row' are incompatible.
    Type 'unknown' is not assignable to type 'EntryTask'.
src/pages/dashboard/operations/personal-assistant/sections/AssistantTasks.tsx(78,17): error TS2322: Type 'Column<AssistantTask>[]' is not assignable to type 'Column<unknown>[]'.
  Type 'Column<AssistantTask>' is not assignable to type 'Column<unknown>'.
    Type 'unknown' is not assignable to type 'AssistantTask'.
src/pages/dashboard/operations/personal-assistant/sections/AssistantTasks.tsx(79,40): error TS18046: 'row' is of type 'unknown'.
src/pages/dashboard/operations/personal-assistant/sections/AssistantTasks.tsx(80,17): error TS2322: Type '(row: AssistantTask) => JSX.Element' is not assignable to type '(row: unknown) => ReactNode'.
  Types of parameters 'row' and 'row' are incompatible.
    Type 'unknown' is not assignable to type 'AssistantTask'.
src/pages/dashboard/operations/shared/WorkQueue.tsx(79,21): error TS2322: Type 'Column<WorkItem>[]' is not assignable to type 'Column<unknown>[]'.
  Type 'Column<WorkItem>' is not assignable to type 'Column<unknown>'.
    Type 'unknown' is not assignable to type 'WorkItem'.
src/pages/dashboard/operations/shared/WorkQueue.tsx(80,21): error TS2322: Type '(row: WorkItem) => string' is not assignable to type '(row: unknown) => string'.
  Types of parameters 'row' and 'row' are incompatible.
    Type 'unknown' is not assignable to type 'WorkItem'.
src/pages/dashboard/operations/shared/WorkQueue.tsx(81,21): error TS2322: Type '(row: WorkItem) => void' is not assignable to type '(row: unknown) => void'.
  Types of parameters 'row' and 'row' are incompatible.
    Type 'unknown' is not assignable to type 'WorkItem'.
src/pages/dashboard/operations/shared/WorkQueue.tsx(82,21): error TS2322: Type '(row: WorkItem) => JSX.Element' is not assignable to type '(row: unknown) => ReactNode'.
  Types of parameters 'row' and 'row' are incompatible.
    Type 'unknown' is not assignable to type 'WorkItem'.
src/pages/dashboard/operations/team-lead/sections/QualityAudit.tsx(98,17): error TS2322: Type 'Column<AuditItem>[]' is not assignable to type 'Column<unknown>[]'.
  Type 'Column<AuditItem>' is not assignable to type 'Column<unknown>'.
    Type 'unknown' is not assignable to type 'AuditItem'.
src/pages/dashboard/operations/team-lead/sections/QualityAudit.tsx(99,17): error TS2322: Type '(row: AuditItem) => string' is not assignable to type '(row: unknown) => string'.
  Types of parameters 'row' and 'row' are incompatible.
    Type 'unknown' is not assignable to type 'AuditItem'.
src/pages/dashboard/operations/team-lead/sections/QualityAudit.tsx(100,17): error TS2322: Type '(row: AuditItem) => JSX.Element' is not assignable to type '(row: unknown) => ReactNode'.
  Types of parameters 'row' and 'row' are incompatible.
    Type 'unknown' is not assignable to type 'AuditItem'.
src/pages/dashboard/support/call-support/sections/CallHistory.tsx(71,17): error TS2322: Type 'Column<CallRecord>[]' is not assignable to type 'Column<unknown>[]'.
  Type 'Column<CallRecord>' is not assignable to type 'Column<unknown>'.
    Type 'unknown' is not assignable to type 'CallRecord'.
src/pages/dashboard/support/call-support/sections/CallHistory.tsx(72,17): error TS2322: Type '(row: CallRecord) => string' is not assignable to type '(row: unknown) => string'.
  Types of parameters 'row' and 'row' are incompatible.
    Type 'unknown' is not assignable to type 'CallRecord'.
src/pages/dashboard/support/call-support/sections/CallHistory.tsx(73,17): error TS2322: Type '(row: CallRecord) => JSX.Element' is not assignable to type '(row: unknown) => ReactNode'.
  Types of parameters 'row' and 'row' are incompatible.
    Type 'unknown' is not assignable to type 'CallRecord'.
src/pages/dashboard/support/personal-agent/sections/InteractionHistory.tsx(88,17): error TS2322: Type 'Column<Interaction>[]' is not assignable to type 'Column<unknown>[]'.
  Type 'Column<Interaction>' is not assignable to type 'Column<unknown>'.
    Type 'unknown' is not assignable to type 'Interaction'.
src/pages/dashboard/support/personal-agent/sections/InteractionHistory.tsx(89,17): error TS2322: Type '(row: Interaction) => string' is not assignable to type '(row: unknown) => string'.
  Types of parameters 'row' and 'row' are incompatible.
    Type 'unknown' is not assignable to type 'Interaction'.
src/pages/dashboard/support/personal-agent/sections/MyClients.tsx(79,17): error TS2322: Type 'Column<VIPClient>[]' is not assignable to type 'Column<unknown>[]'.
  Type 'Column<VIPClient>' is not assignable to type 'Column<unknown>'.
    Type 'unknown' is not assignable to type 'VIPClient'.
src/pages/dashboard/support/personal-agent/sections/MyClients.tsx(80,17): error TS2322: Type '(row: VIPClient) => string' is not assignable to type '(row: unknown) => string'.
  Types of parameters 'row' and 'row' are incompatible.
    Type 'unknown' is not assignable to type 'VIPClient'.
src/pages/dashboard/support/personal-agent/sections/MyClients.tsx(81,17): error TS2322: Type '(row: VIPClient) => JSX.Element' is not assignable to type '(row: unknown) => ReactNode'.
  Types of parameters 'row' and 'row' are incompatible.
    Type 'unknown' is not assignable to type 'VIPClient'.
src/pages/dashboard/verifier/sections/VerificationList.tsx(84,17): error TS2322: Type 'Column<VerificationTask>[]' is not assignable to type 'Column<unknown>[]'.
  Type 'Column<VerificationTask>' is not assignable to type 'Column<unknown>'.
    Type 'unknown' is not assignable to type 'VerificationTask'.
src/pages/dashboard/verifier/sections/VerificationList.tsx(85,40): error TS18046: 'row' is of type 'unknown'.
src/pages/dashboard/verifier/sections/VerificationList.tsx(86,17): error TS2322: Type '(row: VerificationTask) => JSX.Element' is not assignable to type '(row: unknown) => ReactNode'.
  Types of parameters 'row' and 'row' are incompatible.
    Type 'unknown' is not assignable to type 'VerificationTask'.
