[IMAP DEBUG] User: "info.eadvocateservices@gmail.com"
[IMAP DEBUG] Password Length: 0
---------------------------------------
≡ƒ¢á∩╕Å  Testing IMAP Email Receiver
---------------------------------------
≡ƒô¿ Syncing Emails via IMAP (Filtered & Thorough)...
node : Γ¥î IMAP Error: Error: No 
supported authentication 
method(s) available. Unable to 
login.
At line:1 char:1
+ node test-imap.js > 
test_output.txt 2>&1
+ ~~~~~~~~~~~~~~~~~~~~~~~~~~~~~~~
~~~~~~~~~
    + CategoryInfo          : No 
   tSpecified: (Γ¥î IMAP Error:  
  ...nable to login.:String) [   
 ], RemoteException
    + FullyQualifiedErrorId : Na 
   tiveCommandError
 
    at Connection.<anonymous> (C:
\Users\Charlie\Videos\eadvocate\E
advocate\server\node_modules\imap
\lib\Connection.js:1679:15)
    at Connection._resTagged (C:\
Users\Charlie\Videos\eadvocate\Ea
dvocate\server\node_modules\imap\
lib\Connection.js:1535:22)
    at Parser.<anonymous> (C:\Use
rs\Charlie\Videos\eadvocate\Eadvo
cate\server\node_modules\imap\lib
\Connection.js:194:10)
    at Parser.emit 
(node:events:524:28)
    at Parser._resTagged (C:\User
s\Charlie\Videos\eadvocate\Eadvoc
ate\server\node_modules\imap\lib\
Parser.js:175:10)
    at Parser._parse (C:\Users\Ch
arlie\Videos\eadvocate\Eadvocate\
server\node_modules\imap\lib\Pars
er.js:139:16)
    at Parser._tryread (C:\Users\
Charlie\Videos\eadvocate\Eadvocat
e\server\node_modules\imap\lib\Pa
rser.js:82:15)
    at Parser._cbReadable (C:\Use
rs\Charlie\Videos\eadvocate\Eadvo
cate\server\node_modules\imap\lib
\Parser.js:53:12)
    at TLSSocket.emit 
(node:events:524:28)
    at emitReadable_ (node:intern
al/streams/readable:834:12) {
  source: 'authentication'
}
Γ¥î Sync Failed: No supported 
authentication method(s) 
available. Unable to login.
